// Jest Snapshot v1, https://goo.gl/fbAQLP

exports[`(Component) OasisTestingWarningMessage should render 1`] = `
<OasisMessage
  dismissible={false}
  heading="Warning!"
  type="MSGTYPE_WARNING"
>
  <div>
    <ul>
      <li>
        <span
          styleName="Circle Circle--Red"
        >
          <span
            styleName="FilledCircle"
          />
        </span>
        <span
          styleName="Text"
        >
          <div>
            OasisDEX.com is shutting down. To trade ETH and DAI, check out our new marketplace:
            <a
              href="https://eth2dai.com/"
            >
              eth2dai.com
            </a>
            . For other pairs you can still use oasisdex.com to cancel your orders. Read more
            <a
              href="https://medium.com/makerdao/a-new-oasis-5b9539a64adf"
            >
              here
            </a>
            .
          </div>
        </span>
      </li>
    </ul>
  </div>
</OasisMessage>
`;
